make[1]: Entering directory '/home/trent/fuse-cs3650'
mkdir -p mnt || true
./nufs -s -f mnt data.nufs
yay! we made the root directory!!!!looking for "" in dirlookup
this is root, returning 0
looking for "large.txt" in dirlookup
getattr(/large.txt) -> (-1) {mode: 0000, size: 0}
looking for "" in dirlookup
this is root, returning 0
looking for "large.txt" in dirlookup
looking for "" in dirlookup
this is root, returning 0
tree lookup: / is at node 0
running dir_put, putting large.txt, inum 1, on page 4
mknod(/large.txt, 100664) -> 0
looking for "" in dirlookup
this is root, returning 0
looking for "large.txt" in dirlookup
found a match! returning 1
tree lookup: /large.txt is at node 1
getattr(/large.txt) -> (0) {mode: 100664, size: 0}
open(/large.txt) -> 0
looking for "" in dirlookup
this is root, returning 0
looking for "large.txt" in dirlookup
found a match! returning 1
tree lookup: /large.txt is at node 1
looking for "" in dirlookup
this is root, returning 0
looking for "large.txt" in dirlookup
found a match! returning 1
tree lookup: /large.txt is at node 1
write(/large.txt, 4096 bytes, @+0) -> 4096
looking for "" in dirlookup
this is root, returning 0
looking for "large.txt" in dirlookup
found a match! returning 1
tree lookup: /large.txt is at node 1
looking for "" in dirlookup
this is root, returning 0
looking for "large.txt" in dirlookup
found a match! returning 1
tree lookup: /large.txt is at node 1
write(/large.txt, 2049 bytes, @+4096) -> 2049
getattr(/) -> (0) {mode: 40755, size: 0}
getattr(/) -> (0) {mode: 40755, size: 0}
looking for "" in dirlookup
this is root, returning 0
tree lookup: / is at node 0
looking for "" in dirlookup
this is root, returning 0
looking for "large.txt" in dirlookup
found a match! returning 1
tree lookup: /large.txt is at node 1
getattr(/large.txt) -> (0) {mode: 100664, size: 6145}
readdir(/) -> 0
looking for "" in dirlookup
this is root, returning 0
looking for "large.txt" in dirlookup
found a match! returning 1
tree lookup: /large.txt is at node 1
getattr(/large.txt) -> (0) {mode: 100664, size: 6145}
open(/large.txt) -> 0
storage_read called, buffer is

looking for "" in dirlookup
this is root, returning 0
looking for "large.txt" in dirlookup
found a match! returning 1
tree lookup: /large.txt is at node 1
read(/large.txt, 8192 bytes, @+0) -> 8192
looking for "" in dirlookup
this is root, returning 0
looking for "larger.txt" in dirlookup
getattr(/larger.txt) -> (-1) {mode: 0000, size: 0}
looking for "" in dirlookup
this is root, returning 0
looking for "larger.txt" in dirlookup
looking for "" in dirlookup
this is root, returning 0
tree lookup: / is at node 0
running dir_put, putting larger.txt, inum 2, on page 4
mknod(/larger.txt, 100664) -> 0
looking for "" in dirlookup
this is root, returning 0
looking for "larger.txt" in dirlookup
found a match! returning 2
tree lookup: /larger.txt is at node 2
getattr(/larger.txt) -> (0) {mode: 100664, size: 0}
open(/larger.txt) -> 0
looking for "" in dirlookup
this is root, returning 0
looking for "larger.txt" in dirlookup
found a match! returning 2
tree lookup: /larger.txt is at node 2
looking for "" in dirlookup
this is root, returning 0
looking for "larger.txt" in dirlookup
found a match! returning 2
tree lookup: /larger.txt is at node 2
write(/larger.txt, 4096 bytes, @+0) -> 4096
looking for "" in dirlookup
this is root, returning 0
looking for "larger.txt" in dirlookup
found a match! returning 2
tree lookup: /larger.txt is at node 2
looking for "" in dirlookup
this is root, returning 0
looking for "larger.txt" in dirlookup
found a match! returning 2
tree lookup: /larger.txt is at node 2
write(/larger.txt, 4096 bytes, @+4096) -> 4096
looking for "" in dirlookup
this is root, returning 0
looking for "larger.txt" in dirlookup
found a match! returning 2
tree lookup: /larger.txt is at node 2
looking for "" in dirlookup
this is root, returning 0
looking for "larger.txt" in dirlookup
found a match! returning 2
tree lookup: /larger.txt is at node 2
write(/larger.txt, 4096 bytes, @+8192) -> 4096
looking for "" in dirlookup
this is root, returning 0
looking for "larger.txt" in dirlookup
found a match! returning 2
tree lookup: /larger.txt is at node 2
looking for "" in dirlookup
this is root, returning 0
looking for "larger.txt" in dirlookup
found a match! returning 2
tree lookup: /larger.txt is at node 2
write(/larger.txt, 2049 bytes, @+12288) -> 2049
getattr(/) -> (0) {mode: 40755, size: 0}
getattr(/) -> (0) {mode: 40755, size: 0}
looking for "" in dirlookup
this is root, returning 0
tree lookup: / is at node 0
looking for "" in dirlookup
this is root, returning 0
looking for "larger.txt" in dirlookup
found a match! returning 2
tree lookup: /larger.txt is at node 2
getattr(/larger.txt) -> (0) {mode: 100664, size: 14337}
looking for "" in dirlookup
this is root, returning 0
looking for "large.txt" in dirlookup
found a match! returning 1
tree lookup: /large.txt is at node 1
getattr(/large.txt) -> (0) {mode: 100664, size: 6145}
readdir(/) -> 0
looking for "" in dirlookup
this is root, returning 0
looking for "larger.txt" in dirlookup
found a match! returning 2
tree lookup: /larger.txt is at node 2
getattr(/larger.txt) -> (0) {mode: 100664, size: 14337}
open(/larger.txt) -> 0
storage_read called, buffer is
1_2_3_4_5_6_7_8_1_2_3_4_5_6_7_8_1_2_3_4_5_6_7_8_1_2_3_4_5_6_7_8_1_2_3_4_5_6_7_8_1_2_3_4_5_6_7_8_1_2_3_4_5_6_7_8_1_2_3_4_5_6_7_8_1_2_3_4_5_6_7_8_1_2_3_4_5_6_7_8_1_2_3_4_5_6_7_8_1_2_3_4_5_6_7_8_1_2_3_4_5_6_7_8_1_2_3_4_5_6_7_8_1_2_3_4_5_6_7_8_1_2_3_4_5_6_7_8_1_2_3_4_5_6_7_8_1_2_3_4_5_6_7_8_1_2_3_4_5_6_7_8_1_2_3_4_5_6_7_8_1_2_3_4_5_6_7_8_1_2_3_4_5_6_7_8_1_2_3_4_5_6_7_8_1_2_3_4_5_6_7_8_1_2_3_4_5_6_7_8_1_2_3_4_5_6_7_8_1_2_3_4_5_6_7_8_1_2_3_4_5_6_7_8_1_2_3_4_5_6_7_8_1_2_3_4_5_6_7_8_1_2_3_4_5_6_7_8_1_2_3_4_5_6_7_8_1_2_3_4_5_6_7_8_1_2_3_4_5_6_7_8_1_2_3_4_5_6_7_8_1_2_3_4_5_6_7_8_1_2_3_4_5_6_7_8_1_2_3_4_5_6_7_8_1_2_3_4_5_6_7_8_1_2_3_4_5_6_7_8_1_2_3_4_5_6_7_8_1_2_3_4_5_6_7_8_1_2_3_4_5_6_7_8_1_2_3_4_5_6_7_8_1_2_3_4_5_6_7_8_1_2_3_4_5_6_7_8_1_2_3_4_5_6_7_8_1_2_3_4_5_6_7_8_1_2_3_4_5_6_7_8_1_2_3_4_5_6_7_8_1_2_3_4_5_6_7_8_1_2_3_4_5_6_7_8_1_2_3_4_5_6_7_8_1_2_3_4_5_6_7_8_1_2_3_4_5_6_7_8_1_2_3_4_5_6_7_8_1_2_3_4_5_6_7_8_1_2_3_4_5_6_7_8_1_2_3_4_5_6_7_8_1_2_3_4_5_6_7_8_1_2_3_4_5_6_7_8_1_2_3_4_5_6_7_8_1_2_3_4_5_6_7_8_1_2_3_4_5_6_7_8_1_2_3_4_5_6_7_8_1_2_3_4_5_6_7_8_1_2_3_4_5_6_7_8_1_2_3_4_5_6_7_8_1_2_3_4_5_6_7_8_1_2_3_4_5_6_7_8_1_2_3_4_5_6_7_8_1_2_3_4_5_6_7_8_1_2_3_4_5_6_7_8_1_2_3_4_5_6_7_8_1_2_3_4_5_6_7_8_1_2_3_4_5_6_7_8_1_2_3_4_5_6_7_8_1_2_3_4_5_6_7_8_1_2_3_4_5_6_7_8_1_2_3_4_5_6_7_8_1_2_3_4_5_6_7_8_1_2_3_4_5_6_7_8_1_2_3_4_5_6_7_8_1_2_3_4_5_6_7_8_1_2_3_4_5_6_7_8_1_2_3_4_5_6_7_8_1_2_3_4_5_6_7_8_1_2_3_4_5_6_7_8_1_2_3_4_5_6_7_8_1_2_3_4_5_6_7_8_1_2_3_4_5_6_7_8_1_2_3_4_5_6_7_8_1_2_3_4_5_6_7_8_1_2_3_4_5_6_7_8_1_2_3_4_5_6_7_8_1_2_3_4_5_6_7_8_1_2_3_4_5_6_7_8_1_2_3_4_5_6_7_8_1_2_3_4_5_6_7_8_1_2_3_4_5_6_7_8_1_2_3_4_5_6_7_8_1_2_3_4_5_6_7_8_1_2_3_4_5_6_7_8_1_2_3_4_5_6_7_8_1_2_3_4_5_6_7_8_1_2_3_4_5_6_7_8_1_2_3_4_5_6_7_8_1_2_3_4_5_6_7_8_1_2_3_4_5_6_7_8_1_2_3_4_5_6_7_8_1_2_3_4_5_6_7_8_1_2_3_4_5_6_7_8_1_2_3_4_5_6_7_8_1_2_3_4_5_6_7_8_1_2_3_4_5_6_7_8_1_2_3_4_5_6_7_8_1_2_3_4_5_6_7_8_1_2_3_4_5_6_7_8_1_2_3_4_5_6_7_8_1_2_3_4_5_6_7_8_1_2_3_4_5_6_7_8_1_2_3_4_5_6_7_8_1_2_3_4_5_6_7_8_1_2_3_4_5_6_7_8_1_2_3_4_5_6_7_8_1_2_3_4_5_6_7_8_1_2_3_4_5_6_7_8_1_2_3_4_5_6_7_8_1_2_3_4_5_6_7_8_1_2_3_4_5_6_7_8_1_2_3_4_5_6_7_8_1_2_3_4_5_6_7_8_1_2_3_4_5_6_7_8_1_2_3_4_5_6_7_8_1_2_3_4_5_6_7_8_1_2_3_4_5_6_7_8_1_2_3_4_5_6_7_8_1_2_3_4_5_6_7_8_1_2_3_4_5_6_7_8_1_2_3_4_5_6_7_8_1_2_3_4_5_6_7_8_1_2_3_4_5_6_7_8_1_2_3_4_5_6_7_8_1_2_3_4_5_6_7_8_1_2_3_4_5_6_7_8_1_2_3_4_5_6_7_8_1_2_3_4_5_6_7_8_1_2_3_4_5_6_7_8_1_2_3_4_5_6_7_8_1_2_3_4_5_6_7_8_1_2_3_4_5_6_7_8_1_2_3_4_5_6_7_8_1_2_3_4_5_6_7_8_1_2_3_4_5_6_7_8_1_2_3_4_5_6_7_8_1_2_3_4_5_6_7_8_1_2_3_4_5_6_7_8_1_2_3_4_5_6_7_8_1_2_3_4_5_6_7_8_1_2_3_4_5_6_7_8_1_2_3_4_5_6_7_8_1_2_3_4_5_6_7_8_1_2_3_4_5_6_7_8_1_2_3_4_5_6_7_8_1_2_3_4_5_6_7_8_1_2_3_4_5_6_7_8_1_2_3_4_5_6_7_8_1_2_3_4_5_6_7_8_1_2_3_4_5_6_7_8_1_2_3_4_5_6_7_8_1_2_3_4_5_6_7_8_1_2_3_4_5_6_7_8_1_2_3_4_5_6_7_8_1_2_3_4_5_6_7_8_1_2_3_4_5_6_7_8_1_2_3_4_5_6_7_8_1_2_3_4_5_6_7_8_1_2_3_4_5_6_7_8_1_2_3_4_5_6_7_8_1_2_3_4_5_6_7_8_1_2_3_4_5_6_7_8_1_2_3_4_5_6_7_8_1_2_3_4_5_6_7_8_1_2_3_4_5_6_7_8_1_2_3_4_5_6_7_8_1_2_3_4_5_6_7_8_1_2_3_4_5_6_7_8_1_2_3_4_5_6_7_8_1_2_3_4_5_6_7_8_1make[1]: Entering directory '/home/trent/fuse-cs3650'
fusermount -u mnt || true
_2_3_4_5_6_7_8_1_2_3_4_5_6_7_8_1_2_3_4_5_6_7_8_1_2_3_4_5_6_7_8_1_2_3_4_5_6_7_8_1_2_3_4_5_6_7_8_1_2_3_4_5_6_7_8_1_2_3_4_5_6_7_8_1_2_3_4_5_6_7_8_1_2_3_4_5_6_7_8_1_2_3_4_5_6_7_8_1_2_3_4_5_6_7_8_1_2_3_4_5_6_7_8_1_2_3_4_5_6_7_8_1_2_3_4_5_6_7_8_1_2_3_4_5_6_7_8_1_2_3_4_5_6_7_8_1_2_3_4_5_6_7_8_1_2_3_4_5_6_7_8_1_2_3_4_5_6_7_8_1_2_3_4_5_6_7_8_1_2_3_4_5_6_7_8_1_2_3_4_5_6_7_8_1_2_3_4_5_6_7_8_1_2_3_4_5_6_7_8_1_2_3_4_5_6_7_8_1_2_3_4_5_6_7_8_1_2_3_4_5_6_7_8_1_2_3_4_5_6_7_8_1_2_3_4_5_6_7_8_1_2_3_4_5_6_7_8_1_2_3_4_5_6_7_8_1_2_3_4_5_6_7_8_1_2_3_4_5_6_7_8_1_2_3_4_5_6_7_8_1_2_3_4_5_6_7_8_1_2_3_4_5_6_7_8_1_2_3_4_5_6_7_8_1_2_3_4_5_6_7_8_1_2_3_4_5_6_7_8_1_2_3_4_5_6_7_8_1_2_3_4_5_6_7_8_1_2_3_4_5_6_7_8_1_2_3_4_5_6_7_8_1_2_3_4_5_6_7_8_1_2_3_4_5_6_7_8_1_2_3_4_5_6_7_8_1_2_3_4_5_6_7_8_1_2_3_4_5_6_7_8_1_2_3_4_5_6_7_8_1_2_3_4_5_6_7_8_1_2_3_4_5_6_7_8_1_2_3_4_5_6_7_8_1_2_3_4_5_6_7_8_1_2_3_4_5_6_7_8_1_2_3_4_5_6_7_8_1_2_3_4_5_6_7_8_1_2_3_4_5_6_7_8_1_2_3_4_5_6_7_8_1_2_3_4_5_6_7_8_1_2_3_4_5_6_7_8_1_2_3_4_5_6_7_8_1_2_3_4_5_6_7_8_1_2_3_4_5_6_7_8_1_2_3_4_5_6_7_8_1_2_3_4_5_6_7_8_1_2_3_4_5_6_7_8_1_2_3_4_5_6_7_8_1_2_3_4_5_6_7_8_1_2_3_4_5_6_7_8_1_2_3_4_5_6_7_8_1_2_3_4_5_6_7_8_1_2_3_4_5_6_7_8_1_2_3_4_5_6_7_8_1_2_3_4_5_6_7_8_1_2_3_4_5_6_7_8_1_2_3_4_5_6_7_8_1_2_3_4_5_6_7_8_1_2_3_4_5_6_7_8_1_2_3_4_5_6_7_8_1_2_3_4_5_6_7_8_1_2_3_4_5_6_7_8_1_2_3_4_5_6_7_8_1_2_3_4_5_6_7_8_1_2_3_4_5_6_7_8_1_2_3_4_5_6_7_8_1_2_3_4_5_6_7_8_1_2_3_4_5_6_7_8_1_2_3_4_5_6_7_8_1_2_3_4_5_6_7_8_1_2_3_4_5_6_7_8_1_2_3_4_5_6_7_8_1_2_3_4_5_6_7_8_1_2_3_4_5_6_7_8_1_2_3_4_5_6_7_8_1_2_3_4_5_6_7_8_1_2_3_4_5_6_7_8_1_2_3_4_5_6_7_8_1_2_3_4_5_6_7_8_1_2_3_4_5_6_7_8_1_2_3_4_5_6_7_8_1_2_3_4_5_6_7_8_1_2_3_4_5_6_7_8_1_2_3_4_5_6_7_8_1_2_3_4_5_6_7_8_1_2_3_4_5_6_7_8_1_2_3_4_5_6_7_8_1_2_3_4_5_6_7_8_1_2_3_4_5_6_7_8_1_2_3_4_5_6_7_8_1_2_3_4_5_6_7_8_1_2_3_4_5_6_7_8_1_2_3_4_5_6_7_8_1_2_3_4_5_6_7_8_1_2_3_4_5_6_7_8_1_2_3_4_5_6_7_8_1_2_3_4_5_6_7_8_1_2_3_4_5_6_7_8_1_2_3_4_5_6_7_8_1_2_3_4_5_6_7_8_1_2_3_4_5_6_7_8_1_2_3_4_5_6_7_8_1_2_3_4_5_6_7_8_1_2_3_4_5_6_7_8_1_2_3_4_5_6_7_8_1_2_3_4_5_6_7_8_1_2_3_4_5_6_7_8_1_2_3_4_5_6_7_8_1_2_3_4_5_6_7_8_1_2_3_4_5_6_7_8_1_2_3_4_5_6_7_8_1_2_3_4_5_6_7_8_1_2_3_4_5_6_7_8_1_2_3_4_5_6_7_8_1_2_3_4_5_6_7_8_1_2_3_4_5_6_7_8_1_2_3_4_5_6_7_8_1_2_3_4_5_6_7_8_1_2_3_4_5_6_7_8_1_2_3_4_5_6_7_8_1_2_3_4_5_6_7_8_1_2_3_4_5_6_7_8_1_2_3_4_5_6_7_8_1_2_3_4_5_6_7_8_1_2_3_4_5_6_7_8_1_2_3_4_5_6_7_8_1_2_3_4_5_6_7_8_1_2_3_4_5_6_7_8_1_2_3_4_5_6_7_8_1_2_3_4_5_6_7_8_1_2_3_4_5_6_7_8_1_2_3_4_5_6_7_8_1_2_3_4_5_6_7_8_1_2_3_4_5_6_7_8_1_2_3_4_5_6_7_8_1_2_3_4_5_6_7_8_1_2_3_4_5_6_7_8_1_2_3_4_5_6_7_8_1_2_3_4_5_6_7_8_1_2_3_4_5_6_7_8_1_2_3_4_5_6_7_8_1_2_3_4_5_6_7_8_1_2_3_4_5_6_7_8_1_2_3_4_5_6_7_8_1_2_3_4_5_6_7_8_1_2_3_4_5_6_7_8_1_2_3_4_5_6_7_8_1_2_3_4_5_6_7_8_1_2_3_4_5_6_7_8_1_2_3_4_5_6_7_8_1_2_3_4_5_6_7_8_1_2_3_4_5_6_7_8_1_2_3_4_5_6_7_8_1_2_3_4_5_6_7_8_1_2_3_4_5_6_7_8_1_2_3_4_5_6_7_8_1_2_3_4_5_6_7_8_1_2_3_4_5_6_7_8_1_2_3_4_5_6_7_8_1_2_3_4_5_6_7_8_1_2_3_4_5_6_7_8_1_2_3_4_5_6_7_8_1_2_3_4_5_6_7_8_1_2_3_4_5_6_7_8_1_2_3_4_5_6_7_8_

looking for "" in dirlookup
this is root, returning 0
looking for "larger.txt" in dirlookup
found a match! returning 2
tree lookup: /larger.txt is at node 2
read(/larger.txt, 16384 bytes, @+0) -> 16384
make[1]: Leaving directory '/home/trent/fuse-cs3650'
make[1]: Leaving directory '/home/trent/fuse-cs3650'
